// Jest Snapshot v1, https://goo.gl/fbAQLP

exports[`Renders correctly 1`] = `
<div
  className="calcPage"
>
  <div
    className="text"
  >
    <h1>
      Math Magician
    </h1>
    <p>
      Let's do some math!!
    </p>
  </div>
  <div
    className="wrap"
  >
    <p
      className="result"
    >
      <span>
        0
      </span>
      <span />
      <span />
    </p>
    <div
      className="container"
    >
      <button
        className="item item-2"
        name="AC"
        onClick={[Function]}
        type="button"
      >
        AC
      </button>
      <button
        className="item item-3"
        name="+/-"
        onClick={[Function]}
        type="button"
      >
        +/-
      </button>
      <button
        className="item item-4"
        name="%"
        onClick={[Function]}
        type="button"
      >
        %
      </button>
      <button
        className="item item-5 bg"
        name="÷"
        onClick={[Function]}
        type="button"
      >
        ÷
      </button>
      <button
        className="item item-6"
        name="7"
        onClick={[Function]}
        type="button"
      >
        7
      </button>
      <button
        className="item item-7"
        name="8"
        onClick={[Function]}
        type="button"
      >
        8
      </button>
      <button
        className="item item-8"
        name="9"
        onClick={[Function]}
        type="button"
      >
        9
      </button>
      <button
        className="item item-9 bg"
        name="x"
        onClick={[Function]}
        type="button"
      >
        x
      </button>
      <button
        className="item item-10"
        name="4"
        onClick={[Function]}
        type="button"
      >
        4
      </button>
      <button
        className="item item-11"
        name="5"
        onClick={[Function]}
        type="button"
      >
        5
      </button>
      <button
        className="item item-12"
        name="6"
        onClick={[Function]}
        type="button"
      >
        6
      </button>
      <button
        className="item item-13 bg"
        name="-"
        onClick={[Function]}
        type="button"
      >
        -
      </button>
      <button
        className="item item-14"
        name="1"
        onClick={[Function]}
        type="button"
      >
        1
      </button>
      <button
        className="item item-15"
        name="2"
        onClick={[Function]}
        type="button"
      >
        2
      </button>
      <button
        className="item item-16"
        name="3"
        onClick={[Function]}
        type="button"
      >
        3
      </button>
      <button
        className="item item-17 bg"
        name="+"
        onClick={[Function]}
        type="button"
      >
        +
      </button>
      <button
        className="item item-18"
        name="0"
        onClick={[Function]}
        type="button"
      >
        0
      </button>
      <button
        className="item item-19"
        name="."
        onClick={[Function]}
        type="button"
      >
        .
      </button>
      <button
        className="item item-20 bg"
        name="="
        onClick={[Function]}
        type="button"
      >
        =
      </button>
    </div>
  </div>
</div>
`;
